Maude> ==========================================
reduce in META-LEVEL : metaSearch(['SEARCH-TEST], '_*_['a.Nat,'_+_['b.Nat,
    'c.Nat]], 'X:Nat, '_*_['Y:Nat,'Z:Nat] := 'X:Nat, '*, 100, 0) .
rewrites: 2
result ResultTriple: {'_*_['a.Nat,'_+_['b.Nat,'c.Nat]],'Nat,
	'X:Nat <- '_*_['a.Nat,'_+_['b.Nat,'c.Nat]] ; 
	'Y:Nat <- '_+_['b.Nat,'c.Nat] ; 
	'Z:Nat <- 'a.Nat}
==========================================
reduce in META-LEVEL : metaSearch(['SEARCH-TEST], '_*_['a.Nat,'_+_['b.Nat,
    'c.Nat]], 'X:Nat, '_*_['Y:Nat,'Z:Nat] := 'X:Nat, '*, 100, 1) .
rewrites: 2
result ResultTriple: {'_*_['a.Nat,'_+_['b.Nat,'c.Nat]],'Nat,
	'X:Nat <- '_*_['a.Nat,'_+_['b.Nat,'c.Nat]] ; 
	'Y:Nat <- 'a.Nat ; 
	'Z:Nat <- '_+_['b.Nat,'c.Nat]}
==========================================
reduce in META-LEVEL : metaSearch(['SEARCH-TEST], '_*_['a.Nat,'_+_['b.Nat,
    'c.Nat]], 'X:Nat, '_*_['Y:Nat,'Z:Nat] := 'X:Nat, '*, 100, 2) .
rewrites: 6
result ResultTriple?: (failure).ResultTriple?
==========================================
reduce in META-LEVEL : metaSearch(['SEARCH-TEST], '_*_['a.Nat,'_+_['b.Nat,
    'c.Nat]], 'X:Nat, '_*_['Y:Nat,'Z:Nat] := 'X:Nat /\ 'Y:Nat = 'a.Nat, '*,
    100, 0) .
rewrites: 2
result ResultTriple: {'_*_['a.Nat,'_+_['b.Nat,'c.Nat]],'Nat,
	'X:Nat <- '_*_['a.Nat,'_+_['b.Nat,'c.Nat]] ; 
	'Y:Nat <- 'a.Nat ; 
	'Z:Nat <- '_+_['b.Nat,'c.Nat]}
==========================================
reduce in META-LEVEL : metaSearch(['SEARCH-TEST], '_*_['a.Nat,'_+_['b.Nat,
    'c.Nat]], 'X:Nat, '_*_['Y:Nat,'Z:Nat] := 'X:Nat /\ 'Y:Nat = 'a.Nat, '*,
    100, 1) .
rewrites: 6
result ResultTriple?: (failure).ResultTriple?
==========================================
reduce in META-LEVEL : metaSearch(['SEARCH-TEST], '_*_['a.Nat,'_+_['b.Nat,
    'c.Nat]], 'X:Nat, nil, '*, 100, 0) .
rewrites: 2
result ResultTriple: {'_*_['a.Nat,'_+_['b.Nat,'c.Nat]],'Nat,
	'X:Nat <- '_*_['a.Nat,'_+_['b.Nat,'c.Nat]]}
==========================================
reduce in META-LEVEL : metaSearch(['SEARCH-TEST], '_*_['a.Nat,'_+_['b.Nat,
    'c.Nat]], 'X:Nat, nil, '*, 100, 1) .
rewrites: 3
result ResultTriple: {'_+_['_*_['a.Nat,'b.Nat],'_*_['a.Nat,'c.Nat]],'Nat,
	'X:Nat <- '_+_['_*_['a.Nat,'b.Nat],'_*_['a.Nat,'c.Nat]]}
==========================================
reduce in META-LEVEL : metaSearch(['SEARCH-TEST], '_*_['a.Nat,'_+_['b.Nat,
    'c.Nat]], 'X:Nat, nil, '*, 100, 2) .
rewrites: 5
result ResultTriple?: (failure).ResultTriple?
==========================================
reduce in META-LEVEL : metaSearch(['SEARCH-TEST], '_*_['a.Nat,'_+_['b.Nat,
    'c.Nat]], 'X:Nat, nil, '!, 100, 0) .
rewrites: 6
result ResultTriple?: (failure).ResultTriple?
==========================================
reduce in META-LEVEL : metaSearch(['SEARCH-TEST], '_*_['a.Nat,'_+_['b.Nat,
    'c.Nat]], 'X:Nat, nil, '+, 100, 0) .
rewrites: 3
result ResultTriple: {'_+_['_*_['a.Nat,'b.Nat],'_*_['a.Nat,'c.Nat]],'Nat,
	'X:Nat <- '_+_['_*_['a.Nat,'b.Nat],'_*_['a.Nat,'c.Nat]]}
==========================================
reduce in META-LEVEL : metaSearch(['SEARCH-TEST], '_*_['a.Nat,'_+_['b.Nat,
    'c.Nat]], 'X:Nat, nil, '+, 100, 1) .
rewrites: 5
result ResultTriple?: (failure).ResultTriple?
==========================================
reduce in META-LEVEL : metaSearch(['SEARCH-TEST], '_+_['_*_['a.Nat,'b.Nat],
    '_*_['a.Nat,'c.Nat]], '_*_['X:Nat,'Y:Nat], nil, '*, 100, 0) .
rewrites: 3
result ResultTriple: {'_*_['a.Nat,'_+_['b.Nat,'c.Nat]],'Nat,
	'X:Nat <- 'a.Nat ; 
	'Y:Nat <- '_+_['b.Nat,'c.Nat]}
==========================================
reduce in META-LEVEL : metaSearch(['SEARCH-TEST], '_+_['_*_['a.Nat,'b.Nat],
    '_*_['a.Nat,'c.Nat]], '_*_['X:Nat,'Y:Nat], nil, '*, 100, 1) .
rewrites: 2
result ResultTriple: {'_*_['a.Nat,'_+_['b.Nat,'c.Nat]],'Nat,
	'X:Nat <- '_+_['b.Nat,'c.Nat] ; 
	'Y:Nat <- 'a.Nat}
==========================================
reduce in META-LEVEL : metaSearch(['SEARCH-TEST], '_+_['_*_['a.Nat,'b.Nat],
    '_*_['a.Nat,'c.Nat]], '_*_['X:Nat,'Y:Nat], nil, '*, 0, 0) .
rewrites: 2
result ResultTriple?: (failure).ResultTriple?
==========================================
reduce in META-LEVEL : metaSearch(['SEARCH-TEST], '_+_['_*_['a.Nat,'b.Nat],
    '_*_['a.Nat,'c.Nat],'_*_['a.Nat,'d.Nat]], '_*_['X:Nat,'Y:Nat], nil, '*,
    100, 0) .
rewrites: 9
result ResultTriple: {'_*_['a.Nat,'_+_['b.Nat,'c.Nat,'d.Nat]],'Nat,
	'X:Nat <- 'a.Nat ; 
	'Y:Nat <- '_+_['b.Nat,'c.Nat,'d.Nat]}
==========================================
reduce in META-LEVEL : metaSearch(['SEARCH-TEST], '_+_['_*_['a.Nat,'b.Nat],
    '_*_['a.Nat,'c.Nat],'_*_['a.Nat,'d.Nat]], '_*_['X:Nat,'Y:Nat], nil, '*,
    100, 1) .
rewrites: 2
result ResultTriple: {'_*_['a.Nat,'_+_['b.Nat,'c.Nat,'d.Nat]],'Nat,
	'X:Nat <- '_+_['b.Nat,'c.Nat,'d.Nat] ; 
	'Y:Nat <- 'a.Nat}
==========================================
reduce in META-LEVEL : metaSearch(['SEARCH-TEST], '_+_['_*_['a.Nat,'b.Nat],
    '_*_['a.Nat,'c.Nat],'_*_['a.Nat,'d.Nat]], '_*_['X:Nat,'Y:Nat], nil, '*, 1,
    0) .
rewrites: 8
result ResultTriple?: (failure).ResultTriple?
==========================================
reduce in META-LEVEL : metaSearch(['SEARCH-TEST], '_+_['_*_['a.Nat,'b.Nat],
    '_*_['a.Nat,'c.Nat],'_*_['a.Nat,'d.Nat]], '_*_['X:Nat,'Y:Nat], nil, '*, 1,
    1) .
rewrites: 8
result ResultTriple?: (failure).ResultTriple?
Maude> Bye.
