Maude> ==========================================
rewrite in CUI-BUG : f(a, g(b)) .
rewrites: 2 in 0ms cpu (0ms real) (~ rewrites/second)
result Foo: f(a, g(d))
==========================================
rewrite in CUI-BUG2 : f(a, g(b)) .
rewrites: 2 in 0ms cpu (0ms real) (~ rewrites/second)
result Foo: f(a, d)
Maude> Bye.
